[00:07:03] [INIT] KubeJS 2001.6.5-build.16; MC 2001 forge
[00:07:03] [INIT] Loaded plugins:
[00:07:03] [INIT] - dev.latvian.mods.kubejs.forge.BuiltinKubeJSForgePlugin
[00:07:03] [INIT] - dev.latvian.mods.kubejs.forge.BuiltinKubeJSForgeClientPlugin
[00:07:03] [INIT] - thedarkcolour.exdeorum.compat.kubejs.ExDeorumKubeJsPlugin
[00:07:03] [INIT] - com.almostreliable.kubeio.kube.KubePlugin
[00:07:03] [INIT] - dev.ftb.mods.ftbxmodcompat.ftbquests.kubejs.KubeJSIntegration
[00:07:03] [INIT] - dev.ftb.mods.ftbxmodcompat.ftbchunks.kubejs.FTBChunksKubeJSPlugin
[00:07:03] [INIT] - dev.ftb.mods.ftbxmodcompat.ftbteams.kubejs.FTBTeamsKubeJSPlugin
[00:07:03] [INIT] - com.blakebr0.cucumber.compat.kubejs.CucumberKubeJSPlugin
[00:07:03] [INIT] - com.almostreliable.summoningrituals.compat.kubejs.AlmostKube
[00:07:03] [INIT] - com.almostreliable.ponderjs.KubePlugin
[00:07:03] [INFO] jei_add.js#1: Loaded Java class 'sonar.fluxnetworks.client.jei.CreatingFluxRecipe'
[00:07:03] [INFO] jei_add.js#2: Loaded Java class 'sonar.fluxnetworks.client.jei.CreatingFluxRecipeCategory'
[00:07:03] [INFO] Loaded script client_scripts:jei_add.js in 0.064 s
[00:07:03] [INFO] Loaded script client_scripts:jei_categories.js in 0.003 s
[00:07:03] [INFO] Loaded script client_scripts:jei_hide.js in 0.016 s
[00:07:03] [INFO] Loaded script client_scripts:jei_info.js in 0.003 s
[00:07:03] [INFO] Loaded script client_scripts:ponder/corail.js in 0.01 s
[00:07:03] [INFO] Loaded script client_scripts:ponder/fission_mek.js in 0.006 s
[00:07:03] [INFO] Loaded script client_scripts:ponder/fission_mek_fuelrod.js in 0.006 s
[00:07:03] [INFO] Loaded script client_scripts:ponder/fission_mek_logic.js in 0.002 s
[00:07:03] [INFO] Loaded script client_scripts:ponder/fission_mek_port.js in 0.001 s
[00:07:03] [INFO] Loaded script client_scripts:ponder/fusion_activate.js in 0.002 s
[00:07:03] [INFO] Loaded script client_scripts:ponder/fusion_reactor.js in 0.003 s
[00:07:03] [INFO] Loaded script client_scripts:ponder/induction_mek.js in 0.002 s
[00:07:03] [INFO] Loaded script client_scripts:ponder/pylons.js in 0.005 s
[00:07:03] [INFO] Loaded script client_scripts:ponder/sps.js in 0.002 s
[00:07:03] [INFO] Loaded script client_scripts:ponder/turbine_mek.js in 0.003 s
[00:07:03] [INFO] Loaded script client_scripts:tooltips.js in 0.003 s
[00:07:03] [INFO] Loaded 16/16 KubeJS client scripts in 0.447 s with 0 errors and 0 warnings
[00:07:21] [INFO] Client resource reload complete!
[00:07:46] [ERROR] ! dev.latvian.mods.rhino.WrappedException: Wrapped java.lang.UnsupportedOperationException: Disabled due ponder is now without create (client_scripts:ponder/corail.js#108) [dev.latvian.mods.rhino.WrappedException]
[00:07:46] [ERROR] ! dev.latvian.mods.rhino.WrappedException: Wrapped java.lang.UnsupportedOperationException: Disabled due ponder is now without create (client_scripts:ponder/corail.js#108) [dev.latvian.mods.rhino.WrappedException]
[00:07:46] [ERROR] ! dev.latvian.mods.rhino.WrappedException: Wrapped java.lang.UnsupportedOperationException: Disabled due ponder is now without create (client_scripts:ponder/corail.js#108) [dev.latvian.mods.rhino.WrappedException]
[00:07:46] [ERROR] ! dev.latvian.mods.rhino.WrappedException: Wrapped java.lang.UnsupportedOperationException: Disabled due ponder is now without create (client_scripts:ponder/corail.js#108) [dev.latvian.mods.rhino.WrappedException]
[00:07:46] [ERROR] ! dev.latvian.mods.rhino.WrappedException: Wrapped java.lang.UnsupportedOperationException: Disabled due ponder is now without create (client_scripts:ponder/corail.js#108) [dev.latvian.mods.rhino.WrappedException]
[00:07:46] [ERROR] ! dev.latvian.mods.rhino.WrappedException: Wrapped java.lang.UnsupportedOperationException: Disabled due ponder is now without create (client_scripts:ponder/corail.js#108) [dev.latvian.mods.rhino.WrappedException]
[00:07:46] [ERROR] ! dev.latvian.mods.rhino.WrappedException: Wrapped java.lang.UnsupportedOperationException: Disabled due ponder is now without create (client_scripts:ponder/corail.js#108) [dev.latvian.mods.rhino.WrappedException]
[00:07:46] [ERROR] ! dev.latvian.mods.rhino.WrappedException: Wrapped java.lang.UnsupportedOperationException: Disabled due ponder is now without create (client_scripts:ponder/corail.js#108) [dev.latvian.mods.rhino.WrappedException]
[00:07:57] [INFO] Client resource reload complete!
